[tepla-dar.ru/index.html]
[backblue.gif]
[fade.gif]
[index.html]
[tepla-dar.ru/img/btn_bg.png]
[tepla-dar.ru/img/100x0/arrow.png]
[tepla-dar.ru/img/noise.png]
[tepla-dar.ru/img/share.svg]
[tepla-dar.ru/img/nul_.png]
[tepla-dar.ru/img/no_photo.png]
[tepla-dar.ru/img/btn_animation.png]
[tepla-dar.ru/i/loader.gif]
[tepla-dar.ru/fonts/icomoon2d3f.eot]
[tepla-dar.ru/fonts/icomoon2d3f.ttf]
[tepla-dar.ru/fonts/icomoon2d3f.woff]
[top-fwz1.mail.ru/js/code.js]
[vk.com/js/api/openapi006f.js]
[tepla-dar.ru/img/1920x0/null.png]
[tepla-dar.ru/img/null.png]
[tepla-dar.ru/img/1920x0/a5fbcd37696350bc3c12e120f2d369fa.jpg]
[tepla-dar.ru/img/150x150/bd4a2f318981c67c1db8c7f930dba939.jpg]
[tepla-dar.ru/index2580.html]
[tepla-dar.ru/indexb389.html]
[tepla-dar.ru/img/150x150/b452f467f800f92ec95d0188db86c851.jpg]
[tepla-dar.ru/img/150x150/fffbb0396dac912301afdf8ba0605af4.jpg]
[tepla-dar.ru/img/150x150/b2ea3281428d18416e6a47ddab96ed6a.jpg]
[tepla-dar.ru/img/150x150/c663500902732fd1cc5f3ee46edf40a7.jpg]
[tepla-dar.ru/img/150x150/0c3d13d218a175a0ba97e3e505486df1.png]
[tepla-dar.ru/img/150x150/7bf86d3082e8661aa87b6a781710d476.jpg]
[tepla-dar.ru/img/150x150/1a2748ed5dc4fbc611c43efa23dba976.jpg]
[www.google-analytics.com/analytics.js]
[stackpath.bootstrapcdn.com/font-awesome/4.4.0/css/font-awesome.min.css]
[tepla-dar.ru/css/ion.rangeSlider.min.css]
[tepla-dar.ru/js/chart.min.js]
[tepla-dar.ru/js/ion.rangeSlider.min.js]
[tepla-dar.ru/index.html]
[tepla-dar.ru/js/lazyload.min.js]
[tepla-dar.ru/index2580.html]
[tepla-dar.ru/indexb389.html]
[tepla-dar.ru/img/btn_bg.png]
[tepla-dar.ru/img/editor_icons/cancel.svg]
[tepla-dar.ru/img/noise.png]
[tepla-dar.ru/img/no_photo.png]
[tepla-dar.ru/img/viber.svg]
[tepla-dar.ru/img/100x0/arrow.png]
[tepla-dar.ru/img/editor_icons/russia.svg]
[tepla-dar.ru/img/editor_icons/united-kingdom.svg]
[tepla-dar.ru/img/1920x0/a5fbcd37696350bc3c12e120f2d369fa.jpg]
[tepla-dar.ru/img/editor_icons/france.svg]
[tepla-dar.ru/img/150x150/bd4a2f318981c67c1db8c7f930dba939.jpg]
[tepla-dar.ru/img/150x150/b452f467f800f92ec95d0188db86c851.jpg]
[tepla-dar.ru/img/150x150/fffbb0396dac912301afdf8ba0605af4.jpg]
[tepla-dar.ru/img/editor_icons/spain.svg]
[tepla-dar.ru/img/150x150/b2ea3281428d18416e6a47ddab96ed6a.jpg]
[tepla-dar.ru/img/150x150/c663500902732fd1cc5f3ee46edf40a7.jpg]
[tepla-dar.ru/img/editor_icons/germany.svg]
[tepla-dar.ru/js/chart.min.js]
[tepla-dar.ru/img/editor_icons/italy.svg]
[tepla-dar.ru/img/150x150/0c3d13d218a175a0ba97e3e505486df1.png]
[tepla-dar.ru/img/150x150/7bf86d3082e8661aa87b6a781710d476.jpg]
[tepla-dar.ru/img/editor_icons/china.svg]
[tepla-dar.ru/img/editor_icons/cancel_1.svg]
[tepla-dar.ru/img/share.html]
[tepla-dar.ru/img/nul_.html]
[tepla-dar.ru/img/editor_icons/play_btn.svg]
[tepla-dar.ru/img/editor_icons/menu2.svg]
[tepla-dar.ru/i/loader.html]
[tepla-dar.ru/img/150x150/1a2748ed5dc4fbc611c43efa23dba976.jpg]
[tepla-dar.ru/img/editor_icons/menu_2.svg]
[tepla-dar.ru/img/editor_icons/downwards-pointer.svg]
[tepla-dar.ru/js/ion.rangeSlider.min.js]
[tepla-dar.ru/js/lazyload.min.js]
[tepla-dar.ru/widget_comments.2f.delayed]
[tepla-dar.ru/widget_recommended.php]
[tepla-dar.ru/; path=/index.html]
[tepla-dar.ru/widget_post.php]
[tepla-dar.ru/widget_like.php]
[tepla-dar.ru/al_widget_poll.php]
[tepla-dar.ru/widget_app.php]
[tepla-dar.ru/widget_community.php]
[tepla-dar.ru/widget_auth.php]
[tepla-dar.ru/widget_subscribe.php]
[tepla-dar.ru/widget_contactus.php]
[tepla-dar.ru/widget_bookmarks.php]
[tepla-dar.ru/widget_playlist.php]
[tepla-dar.ru/ads_rotate.php]
[tepla-dar.ru/web/ads_lightd41d.js]
[tepla-dar.ru/widget_allow_messages_from_community.php]
[tepla-dar.ru/widget_article.php]
[tepla-dar.ru/widget_podcast.php]
[tepla-dar.ru/widget_community_messages.php]
[tepla-dar.ru/blankd41d.php]
[tepla-dar.ru/api/openapi.js]
[vk.com/js/api/openapi006f.js]
[tepla-dar.ru/index2580.html]
[stackpath.bootstrapcdn.com/font-awesome/4.4.0/css/font-awesome.min.css]
[tepla-dar.ru/css/ion.rangeSlider.min.css]
[tepla-dar.ru/fonts/icomoon2d3f.svg]
[tepla-dar.ru/; path=/index.html]
[tepla-dar.ru/widget_comments.html]
[tepla-dar.ru/widget_recommended.html]
[tepla-dar.ru/widget_post.html]
[tepla-dar.ru/widget_like.html]
[tepla-dar.ru/al_widget_poll.html]
[tepla-dar.ru/widget_app.html]
[tepla-dar.ru/widget_community.html]
[tepla-dar.ru/widget_auth.html]
[tepla-dar.ru/widget_subscribe.html]
[tepla-dar.ru/widget_contactus.html]
[tepla-dar.ru/widget_bookmarks.html]
[tepla-dar.ru/widget_playlist.html]
[tepla-dar.ru/ads_rotate.html]
[tepla-dar.ru/web/ads_lightd41d.html]
[tepla-dar.ru/widget_allow_messages_from_community.html]
[tepla-dar.ru/widget_article.html]
[tepla-dar.ru/widget_podcast.html]
[tepla-dar.ru/widget_community_messages.html]
[tepla-dar.ru/blankd41d.html]
[vk.com/js/api/openapi_updated41d.html]
[tepla-dar.ru/api/openapi.html]
[tepla-dar.ru/js/mask.min.js]
[tepla-dar.ru/js/swipe.js]
